<testsuite errors="0" failures="0" name="Django Project Tests" skips="0" tests="1" time="0.001"><testcase classname="studykurs.tests.AutTest" name="test_inter" time="0.000000" /></testsuite>